[{"error":{"severity":"INFO","type":"LINT","location":{"offset":5,"length":2,"startLine":1,"startColumn":6,"endLine":1,"endColumn":8},"message":"Hello world","code":"hello_world"},"fixes":[{"priority":35,"change":{"message":"Ignore \"hello_world\" for line","edits":[{"fileStamp":0,"edits":[{"offset":0,"length":0,"replacement":"// ignore: hello_world\n"}]}],"linkedEditGroups":[]}},{"priority":34,"change":{"message":"Ignore \"hello_world\" for file","edits":[{"fileStamp":0,"edits":[{"offset":0,"length":0,"replacement":"// ignore_for_file: hello_world\n"}]}],"linkedEditGroups":[]}}]},{"error":{"severity":"INFO","type":"LINT","location":{"offset":5,"length":2,"startLine":1,"startColumn":6,"endLine":1,"endColumn":8},"message":"Foo","code":"foo"},"fixes":[{"priority":35,"change":{"message":"Ignore \"foo\" for line","edits":[{"fileStamp":0,"edits":[{"offset":0,"length":0,"replacement":"// ignore: foo\n"}]}],"linkedEditGroups":[]}},{"priority":34,"change":{"message":"Ignore \"foo\" for file","edits":[{"fileStamp":0,"edits":[{"offset":0,"length":0,"replacement":"// ignore_for_file: foo\n"}]}],"linkedEditGroups":[]}}]}]