Message: `Another`
<<<< start: 16 -- end: 16
==== start: 16 -- end: 21
Hello
>>>>
